>>> add_integer = __import__('0-add_integer').add_integer
>>> add_integer(5, 6)
11
>>> add_integer(10, 11)
21
>>> add_integer("10", 11)
Traceback (most recent call last):
TypeError: a must be an integer
>>> add_integer(10, "11")
Traceback (most recent call last):
TypeError: b must be an integer
>>> add_integer(10, 11.5)
21
>>> add_integer(11.5, 10)
21
>>> my_list = [10, 14, 15]
>>> add_integer(my_list, 10)
Traceback (most recent call last):
TypeError: a must be an integer
>>> add_integer(10, None)
Traceback (most recent call last):
TypeError: b must be an integer
